{
  "version": "1.5.0",
  "plugins_used": [
    {
      "name": "ArtifactoryDetector"
    },
    {
      "name": "AWSKeyDetector"
    },
    {
      "name": "AzureStorageKeyDetector"
    },
    {
      "name": "Base64HighEntropyString",
      "limit": 4.5
    },
    {
      "name": "BasicAuthDetector"
    },
    {
      "name": "CloudantDetector"
    },
    {
      "name": "DiscordBotTokenDetector"
    },
    {
      "name": "GitHubTokenDetector"
    },
    {
      "name": "GitLabTokenDetector"
    },
    {
      "name": "HexHighEntropyString",
      "limit": 3.0
    },
    {
      "name": "IbmCloudIamDetector"
    },
    {
      "name": "IbmCosHmacDetector"
    },
    {
      "name": "IPPublicDetector"
    },
    {
      "name": "JwtTokenDetector"
    },
    {
      "name": "KeywordDetector",
      "keyword_exclude": ""
    },
    {
      "name": "MailchimpDetector"
    },
    {
      "name": "NpmDetector"
    },
    {
      "name": "OpenAIDetector"
    },
    {
      "name": "PrivateKeyDetector"
    },
    {
      "name": "PypiTokenDetector"
    },
    {
      "name": "SendGridDetector"
    },
    {
      "name": "SlackDetector"
    },
    {
      "name": "SoftlayerDetector"
    },
    {
      "name": "SquareOAuthDetector"
    },
    {
      "name": "StripeDetector"
    },
    {
      "name": "TelegramBotTokenDetector"
    },
    {
      "name": "TwilioKeyDetector"
    }
  ],
  "filters_used": [
    {
      "path": "detect_secrets.filters.allowlist.is_line_allowlisted"
    },
    {
      "path": "detect_secrets.filters.common.is_ignored_due_to_verification_policies",
      "min_level": 2
    },
    {
      "path": "detect_secrets.filters.heuristic.is_indirect_reference"
    },
    {
      "path": "detect_secrets.filters.heuristic.is_likely_id_string"
    },
    {
      "path": "detect_secrets.filters.heuristic.is_lock_file"
    },
    {
      "path": "detect_secrets.filters.heuristic.is_not_alphanumeric_string"
    },
    {
      "path": "detect_secrets.filters.heuristic.is_potential_uuid"
    },
    {
      "path": "detect_secrets.filters.heuristic.is_prefixed_with_dollar_sign"
    },
    {
      "path": "detect_secrets.filters.heuristic.is_sequential_string"
    },
    {
      "path": "detect_secrets.filters.heuristic.is_swagger_file"
    },
    {
      "path": "detect_secrets.filters.heuristic.is_templated_secret"
    },
    {
      "path": "detect_secrets.filters.regex.should_exclude_file",
      "pattern": [
        "(\\.png|\\.jpg|\\.pdf|\\.webp|\\.woff2?)$"
      ]
    }
  ],
  "results": {
    ".claude/skills/ui-ux-pro-max/data/catalog-summary.json": [
      {
        "type": "Hex High Entropy String",
        "filename": ".claude/skills/ui-ux-pro-max/data/catalog-summary.json",
        "hashed_secret": "3748b166dd4ebd8ad28d5b091e5a5c155bb6a25c",
        "is_verified": false,
        "line_number": 27,
        "is_secret": false
      },
      {
        "type": "Hex High Entropy String",
        "filename": ".claude/skills/ui-ux-pro-max/data/catalog-summary.json",
        "hashed_secret": "01df0807a2dbbf7cb53c9274747cb25b129de8ab",
        "is_verified": false,
        "line_number": 30,
        "is_secret": false
      },
      {
        "type": "Hex High Entropy String",
        "filename": ".claude/skills/ui-ux-pro-max/data/catalog-summary.json",
        "hashed_secret": "93725794f4995dfa065099c95dab831fc18826fb",
        "is_verified": false,
        "line_number": 33,
        "is_secret": false
      },
      {
        "type": "Hex High Entropy String",
        "filename": ".claude/skills/ui-ux-pro-max/data/catalog-summary.json",
        "hashed_secret": "daab7c662df57f67e15d7b0942993430372695a5",
        "is_verified": false,
        "line_number": 36,
        "is_secret": false
      }
    ],
    ".claude/skills/ui-ux-pro-max/data/google-font-licenses.json": [
      {
        "type": "Hex High Entropy String",
        "filename": ".claude/skills/ui-ux-pro-max/data/google-font-licenses.json",
        "hashed_secret": "5c66c23b18b7095394aa00a4a03ef82def0df7d1",
        "is_verified": false,
        "line_number": 6,
        "is_secret": false
      }
    ],
    ".claude/skills/vibe-security/references/secrets-and-env.md": [
      {
        "type": "Basic Auth Credentials",
        "filename": ".claude/skills/vibe-security/references/secrets-and-env.md",
        "hashed_secret": "5baa61e4c9b93f3f0682250b6cf8331b7ee68fd8",
        "is_verified": false,
        "line_number": 47,
        "is_secret": false
      }
    ],
    "ai-business-lab/chasse-demande/connaissances/finary/liste-videos.json": [
      {
        "type": "Artifactory Credentials",
        "filename": "ai-business-lab/chasse-demande/connaissances/finary/liste-videos.json",
        "hashed_secret": "6934481c8095a80472664dfa8c0e0753f943a84c",
        "is_verified": false,
        "line_number": 1,
        "is_secret": false
      }
    ],
    "scraper/mcp_pokedeals/tests/test_providers_carddex.py": [
      {
        "type": "Secret Keyword",
        "filename": "scraper/mcp_pokedeals/tests/test_providers_carddex.py",
        "hashed_secret": "1b85611c45df0f4c816df8c2b704452ab55b0b85",
        "is_verified": false,
        "line_number": 81,
        "is_secret": false
      }
    ],
    "scraper/tests/test_bonne_affaire_shopify.py": [
      {
        "type": "Secret Keyword",
        "filename": "scraper/tests/test_bonne_affaire_shopify.py",
        "hashed_secret": "465c92194cdce1b32e84e8b04c5a7449edf5f334",
        "is_verified": false,
        "line_number": 224,
        "is_secret": false
      }
    ],
    "scraper/tests/test_connecteur_supabase.py": [
      {
        "type": "Secret Keyword",
        "filename": "scraper/tests/test_connecteur_supabase.py",
        "hashed_secret": "ba08bc5a5733b695b2de2a9aa4080f2a49e29239",
        "is_verified": false,
        "line_number": 50,
        "is_secret": false
      }
    ],
    "scraper/tests/test_connecteur_supabase_precoms.py": [
      {
        "type": "Secret Keyword",
        "filename": "scraper/tests/test_connecteur_supabase_precoms.py",
        "hashed_secret": "084e87ed5fa0f3bbb28ccd6283e2dd1811b38edd",
        "is_verified": false,
        "line_number": 182,
        "is_secret": false
      },
      {
        "type": "Secret Keyword",
        "filename": "scraper/tests/test_connecteur_supabase_precoms.py",
        "hashed_secret": "90403abc8f3d67d63cb3ec678f3c2811fb1fc848",
        "is_verified": false,
        "line_number": 213,
        "is_secret": false
      }
    ],
    "scraper/tests/test_notifications_saas.py": [
      {
        "type": "Secret Keyword",
        "filename": "scraper/tests/test_notifications_saas.py",
        "hashed_secret": "084e87ed5fa0f3bbb28ccd6283e2dd1811b38edd",
        "is_verified": false,
        "line_number": 62,
        "is_secret": false
      },
      {
        "type": "Secret Keyword",
        "filename": "scraper/tests/test_notifications_saas.py",
        "hashed_secret": "90403abc8f3d67d63cb3ec678f3c2811fb1fc848",
        "is_verified": false,
        "line_number": 125,
        "is_secret": false
      }
    ],
    "scraper/tests/test_verification_email_canari.py": [
      {
        "type": "Secret Keyword",
        "filename": "scraper/tests/test_verification_email_canari.py",
        "hashed_secret": "90403abc8f3d67d63cb3ec678f3c2811fb1fc848",
        "is_verified": false,
        "line_number": 14,
        "is_secret": false
      }
    ],
    "scraper/tests/test_verification_push_canari.py": [
      {
        "type": "Secret Keyword",
        "filename": "scraper/tests/test_verification_push_canari.py",
        "hashed_secret": "084e87ed5fa0f3bbb28ccd6283e2dd1811b38edd",
        "is_verified": false,
        "line_number": 14,
        "is_secret": false
      }
    ]
  },
  "generated_at": "2026-10-03T01:56:12Z"
}